=== Optimization Started ===
Algorithm: BAxUS_botorchWrapper | Deck ID: 102 | Budget: 30

Initializing BAxUS Space Strategy...
Generating initial DoE Pool of size: 5
[EVALUATION CALL] Target Vector Scaled:
tensor([-0.2489,  0.2489, -0.2489, -0.2489,  0.2489], dtype=torch.float64)
[EVALUATION CALL] Evaluating function: StarBox
[EVALUATION SUCCESS] Returned value: [-65.68691 568.691  ]
[EVALUATION CALL] Target Vector Scaled:
tensor([ 0.6012, -0.6012,  0.6012,  0.6012, -0.6012], dtype=torch.float64)
[EVALUATION CALL] Evaluating function: StarBox
[EVALUATION SUCCESS] Returned value: [-62.09702 209.702  ]
[EVALUATION CALL] Target Vector Scaled:
tensor([ 4.8778, -4.8778,  4.8778,  4.8778, -4.8778], dtype=torch.float64)
[EVALUATION CALL] Evaluating function: StarBox
[EVALUATION SUCCESS] Returned value: [-108.9307 4893.07  ]
[EVALUATION CALL] Target Vector Scaled:
tensor([-4.6051,  4.6051, -4.6051, -4.6051,  4.6051], dtype=torch.float64)
[EVALUATION CALL] Evaluating function: StarBox
[EVALUATION SUCCESS] Returned value: [ -40.75957    6153.57179319]
[EVALUATION CALL] Target Vector Scaled:
tensor([-2.5410,  2.5410, -2.5410, -2.5410,  2.5410], dtype=torch.float64)
[EVALUATION CALL] Evaluating function: StarBox
[EVALUATION SUCCESS] Returned value: [ -44.96945    7256.11425509]
